 * Serving Flask app "application" (lazy loading)
 * Environment: production
   WARNING: This is a development server. Do not use it in a production deployment.
   Use a production WSGI server instead.
 * Debug mode: on
 * Running on http://0.0.0.0:13800/ (Press CTRL+C to quit)
 * Restarting with stat
 * Serving Flask app "application" (lazy loading)
 * Environment: production
   WARNING: This is a development server. Do not use it in a production deployment.
   Use a production WSGI server instead.
 * Debug mode: on
 * Running on http://0.0.0.0:13800/ (Press CTRL+C to quit)
 * Restarting with stat
 * Debugger is active!
 * Debugger PIN: 128-179-990
 * Debugger is active!
 * Debugger PIN: 154-990-810
 * Serving Flask app "application" (lazy loading)
 * Environment: production
   WARNING: This is a development server. Do not use it in a production deployment.
   Use a production WSGI server instead.
 * Debug mode: on
 * Running on http://0.0.0.0:13800/ (Press CTRL+C to quit)
 * Restarting with stat
 * Debugger is active!
 * Debugger PIN: 207-452-437
10.10.0.1 - - [14/Nov/2019 01:37:12] "GET /kv-store/keys/sampleKey HTTP/1.1" 404 -
